ERC report (2026-08-26T21:06:57, Encoding UTF8)
Report includes: Errors, Warnings

***** Sheet /
[footprint_link_issues]: The current configuration does not include the footprint library 'Connector_Audio'
    ; warning
    @(29.21 mm, 43.18 mm): Symbol J2 [AudioJack2_SwitchT]
[lib_symbol_issues]: The current configuration does not include the symbol library 'Connector_Audio'
    ; warning
    @(29.21 mm, 43.18 mm): Symbol J2 [AudioJack2_SwitchT]
[footprint_link_issues]: The current configuration does not include the footprint library 'Resistor_SMD'
    ; warning
    @(44.45 mm, 43.18 mm): Symbol R1 [R]
[lib_symbol_issues]: The current configuration does not include the symbol library 'Device'
    ; warning
    @(44.45 mm, 43.18 mm): Symbol R1 [R]
[lib_symbol_issues]: The current configuration does not include the symbol library 'power'
    ; warning
    @(55.88 mm, 44.45 mm): Symbol #PWR07 [GND]
[footprint_link_issues]: The current configuration does not include the footprint library 'Resistor_SMD'
    ; warning
    @(46.99 mm, 54.61 mm): Symbol R16 [R]
[lib_symbol_issues]: The current configuration does not include the symbol library 'Device'
    ; warning
    @(46.99 mm, 54.61 mm): Symbol R16 [R]
[footprint_link_issues]: The current configuration does not include the footprint library 'Connector_Audio'
    ; warning
    @(29.21 mm, 72.39 mm): Symbol J3 [AudioJack2_SwitchT]
[lib_symbol_issues]: The current configuration does not include the symbol library 'Connector_Audio'
    ; warning
    @(29.21 mm, 72.39 mm): Symbol J3 [AudioJack2_SwitchT]
[footprint_link_issues]: The current configuration does not include the footprint library 'Capacitor_SMD'
    ; warning
    @(54.61 mm, 60.96 mm): Symbol C9 [C]
[lib_symbol_issues]: The current configuration does not include the symbol library 'Device'
    ; warning
    @(54.61 mm, 60.96 mm): Symbol C9 [C]
[footprint_link_issues]: The current configuration does not include the footprint library 'Resistor_SMD'
    ; warning
    @(44.45 mm, 72.39 mm): Symbol R2 [R]
[lib_symbol_issues]: The current configuration does not include the symbol library 'Device'
    ; warning
    @(44.45 mm, 72.39 mm): Symbol R2 [R]
[lib_symbol_issues]: The current configuration does not include the symbol library 'power'
    ; warning
    @(55.88 mm, 71.12 mm): Symbol #PWR08 [GND]
[footprint_link_issues]: The current configuration does not include the footprint library 'Resistor_SMD'
    ; warning
    @(46.99 mm, 83.82 mm): Symbol R17 [R]
[lib_symbol_issues]: The current configuration does not include the symbol library 'Device'
    ; warning
    @(46.99 mm, 83.82 mm): Symbol R17 [R]
[footprint_link_issues]: The current configuration does not include the footprint library 'Resistor_SMD'
    ; warning
    @(90.17 mm, 45.72 mm): Symbol R7 [R]
[lib_symbol_issues]: The current configuration does not include the symbol library 'Device'
    ; warning
    @(90.17 mm, 45.72 mm): Symbol R7 [R]
[footprint_link_issues]: The current configuration does not include the footprint library 'Package_SO'
    ; warning
    @(97.79 mm, 33.02 mm): Symbol U1 [TL074]
[lib_symbol_issues]: The current configuration does not include the symbol library 'Amplifier_Operational'
    ; warning
    @(97.79 mm, 33.02 mm): Symbol U1 [TL074]
[footprint_link_issues]: The current configuration does not include the footprint library 'Capacitor_SMD'
    ; warning
    @(54.61 mm, 90.17 mm): Symbol C10 [C]
[lib_symbol_issues]: The current configuration does not include the symbol library 'Device'
    ; warning
    @(54.61 mm, 90.17 mm): Symbol C10 [C]
[footprint_link_issues]: The current configuration does not include the footprint library 'Connector_Audio'
    ; warning
    @(29.21 mm, 105.41 mm): Symbol J4 [AudioJack2_SwitchT]
[lib_symbol_issues]: The current configuration does not include the symbol library 'Connector_Audio'
    ; warning
    @(29.21 mm, 105.41 mm): Symbol J4 [AudioJack2_SwitchT]
[footprint_link_issues]: The current configuration does not include the footprint library 'Resistor_SMD'
    ; warning
    @(44.45 mm, 105.41 mm): Symbol R3 [R]
[lib_symbol_issues]: The current configuration does not include the symbol library 'Device'
    ; warning
    @(44.45 mm, 105.41 mm): Symbol R3 [R]
[footprint_link_issues]: The current configuration does not include the footprint library 'Package_SO'
    ; warning
    @(97.79 mm, 72.39 mm): Symbol U2 [TL074]
[lib_symbol_issues]: The current configuration does not include the symbol library 'Amplifier_Operational'
    ; warning
    @(97.79 mm, 72.39 mm): Symbol U2 [TL074]
[lib_symbol_issues]: The current configuration does not include the symbol library 'power'
    ; warning
    @(60.96 mm, 105.41 mm): Symbol #PWR09 [GND]
[footprint_link_issues]: The current configuration does not include the footprint library 'Resistor_SMD'
    ; warning
    @(88.90 mm, 85.09 mm): Symbol R10 [R]
[lib_symbol_issues]: The current configuration does not include the symbol library 'Device'
    ; warning
    @(88.90 mm, 85.09 mm): Symbol R10 [R]
[footprint_link_issues]: The current configuration does not include the footprint library 'Resistor_SMD'
    ; warning
    @(114.30 mm, 45.72 mm): Symbol R8 [R]
[lib_symbol_issues]: The current configuration does not include the symbol library 'Device'
    ; warning
    @(114.30 mm, 45.72 mm): Symbol R8 [R]
[footprint_link_issues]: The current configuration does not include the footprint library 'Resistor_SMD'
    ; warning
    @(46.99 mm, 116.84 mm): Symbol R18 [R]
[lib_symbol_issues]: The current configuration does not include the symbol library 'Device'
    ; warning
    @(46.99 mm, 116.84 mm): Symbol R18 [R]
[footprint_link_issues]: The current configuration does not include the footprint library 'Package_SO'
    ; warning
    @(121.92 mm, 33.02 mm): Symbol U1 [TL074]
[lib_symbol_issues]: The current configuration does not include the symbol library 'Amplifier_Operational'
    ; warning
    @(121.92 mm, 33.02 mm): Symbol U1 [TL074]
[footprint_link_issues]: The current configuration does not include the footprint library 'Capacitor_SMD'
    ; warning
    @(54.61 mm, 123.19 mm): Symbol C11 [C]
[lib_symbol_issues]: The current configuration does not include the symbol library 'Device'
    ; warning
    @(54.61 mm, 123.19 mm): Symbol C11 [C]
[footprint_link_issues]: The current configuration does not include the footprint library 'Package_SO'
    ; warning
    @(119.38 mm, 72.39 mm): Symbol U2 [TL074]
[lib_symbol_issues]: The current configuration does not include the symbol library 'Amplifier_Operational'
    ; warning
    @(119.38 mm, 72.39 mm): Symbol U2 [TL074]
[footprint_link_issues]: The current configuration does not include the footprint library 'Resistor_SMD'
    ; warning
    @(111.76 mm, 85.09 mm): Symbol R11 [R]
[lib_symbol_issues]: The current configuration does not include the symbol library 'Device'
    ; warning
    @(111.76 mm, 85.09 mm): Symbol R11 [R]
[lib_symbol_issues]: The current configuration does not include the symbol library 'power'
    ; warning
    @(54.61 mm, 130.81 mm): Symbol #PWR025 [GND]
[footprint_link_issues]: The current configuration does not include the footprint library 'Package_SO'
    ; warning
    @(96.52 mm, 107.95 mm): Symbol U3 [TL074]
[lib_symbol_issues]: The current configuration does not include the symbol library 'Amplifier_Operational'
    ; warning
    @(96.52 mm, 107.95 mm): Symbol U3 [TL074]
[footprint_link_issues]: The current configuration does not include the footprint library 'Resistor_SMD'
    ; warning
    @(139.70 mm, 45.72 mm): Symbol R9 [R]
[lib_symbol_issues]: The current configuration does not include the symbol library 'Device'
    ; warning
    @(139.70 mm, 45.72 mm): Symbol R9 [R]
[footprint_link_issues]: The current configuration does not include the footprint library 'Resistor_SMD'
    ; warning
    @(87.63 mm, 120.65 mm): Symbol R13 [R]
[lib_symbol_issues]: The current configuration does not include the symbol library 'Device'
    ; warning
    @(87.63 mm, 120.65 mm): Symbol R13 [R]
[footprint_link_issues]: The current configuration does not include the footprint library 'Package_SO'
    ; warning
    @(147.32 mm, 33.02 mm): Symbol U1 [TL074]
[lib_symbol_issues]: The current configuration does not include the symbol library 'Amplifier_Operational'
    ; warning
    @(147.32 mm, 33.02 mm): Symbol U1 [TL074]
[footprint_link_issues]: The current configuration does not include the footprint library 'Connector_Audio'
    ; warning
    @(48.26 mm, 152.40 mm): Symbol J5 [AudioJack2_SwitchT]
[lib_symbol_issues]: The current configuration does not include the symbol library 'Connector_Audio'
    ; warning
    @(48.26 mm, 152.40 mm): Symbol J5 [AudioJack2_SwitchT]
[lib_symbol_issues]: The current configuration does not include the symbol library 'power'
    ; warning
    @(38.10 mm, 156.21 mm): Symbol #PWR015 [GND]
[footprint_link_issues]: The current configuration does not include the footprint library 'Package_SO'
    ; warning
    @(120.65 mm, 107.95 mm): Symbol U3 [TL074]
[lib_symbol_issues]: The current configuration does not include the symbol library 'Amplifier_Operational'
    ; warning
    @(120.65 mm, 107.95 mm): Symbol U3 [TL074]
[footprint_link_issues]: The current configuration does not include the footprint library 'Resistor_SMD'
    ; warning
    @(139.70 mm, 85.09 mm): Symbol R12 [R]
[lib_symbol_issues]: The current configuration does not include the symbol library 'Device'
    ; warning
    @(139.70 mm, 85.09 mm): Symbol R12 [R]
[footprint_link_issues]: The current configuration does not include the footprint library 'Package_SO'
    ; warning
    @(147.32 mm, 72.39 mm): Symbol U2 [TL074]
[lib_symbol_issues]: The current configuration does not include the symbol library 'Amplifier_Operational'
    ; warning
    @(147.32 mm, 72.39 mm): Symbol U2 [TL074]
[footprint_link_issues]: The current configuration does not include the footprint library 'Resistor_SMD'
    ; warning
    @(111.76 mm, 120.65 mm): Symbol R14 [R]
[lib_symbol_issues]: The current configuration does not include the symbol library 'Device'
    ; warning
    @(111.76 mm, 120.65 mm): Symbol R14 [R]
[footprint_link_issues]: The current configuration does not include the footprint library 'Connector_Audio'
    ; warning
    @(48.26 mm, 165.10 mm): Symbol J6 [AudioJack2_SwitchT]
[lib_symbol_issues]: The current configuration does not include the symbol library 'Connector_Audio'
    ; warning
    @(48.26 mm, 165.10 mm): Symbol J6 [AudioJack2_SwitchT]
[lib_symbol_issues]: The current configuration does not include the symbol library 'power'
    ; warning
    @(38.10 mm, 168.91 mm): Symbol #PWR014 [GND]
[lib_symbol_issues]: The current configuration does not include the symbol library 'power'
    ; warning
    @(87.63 mm, 156.21 mm): Symbol #PWR016 [GND]
[footprint_link_issues]: The current configuration does not include the footprint library 'Package_SO'
    ; warning
    @(176.53 mm, 33.02 mm): Symbol U1 [TL074]
[lib_symbol_issues]: The current configuration does not include the symbol library 'Amplifier_Operational'
    ; warning
    @(176.53 mm, 33.02 mm): Symbol U1 [TL074]
[footprint_link_issues]: The current configuration does not include the footprint library 'Connector_Audio'
    ; warning
    @(97.79 mm, 152.40 mm): Symbol J8 [AudioJack2_SwitchT]
[lib_symbol_issues]: The current configuration does not include the symbol library 'Connector_Audio'
    ; warning
    @(97.79 mm, 152.40 mm): Symbol J8 [AudioJack2_SwitchT]
[footprint_link_issues]: The current configuration does not include the footprint library 'Package_SO'
    ; warning
    @(146.05 mm, 107.95 mm): Symbol U3 [TL074]
[lib_symbol_issues]: The current configuration does not include the symbol library 'Amplifier_Operational'
    ; warning
    @(146.05 mm, 107.95 mm): Symbol U3 [TL074]
[footprint_link_issues]: The current configuration does not include the footprint library 'Resistor_SMD'
    ; warning
    @(137.16 mm, 120.65 mm): Symbol R15 [R]
[lib_symbol_issues]: The current configuration does not include the symbol library 'Device'
    ; warning
    @(137.16 mm, 120.65 mm): Symbol R15 [R]
[footprint_link_issues]: The current configuration does not include the footprint library 'Connector_Audio'
    ; warning
    @(48.26 mm, 177.80 mm): Symbol J7 [AudioJack2_SwitchT]
[lib_symbol_issues]: The current configuration does not include the symbol library 'Connector_Audio'
    ; warning
    @(48.26 mm, 177.80 mm): Symbol J7 [AudioJack2_SwitchT]
[lib_symbol_issues]: The current configuration does not include the symbol library 'power'
    ; warning
    @(38.10 mm, 182.88 mm): Symbol #PWR013 [GND]
[footprint_link_issues]: The current configuration does not include the footprint library 'Package_SO'
    ; warning
    @(175.26 mm, 71.12 mm): Symbol U2 [TL074]
[lib_symbol_issues]: The current configuration does not include the symbol library 'Amplifier_Operational'
    ; warning
    @(175.26 mm, 71.12 mm): Symbol U2 [TL074]
[lib_symbol_issues]: The current configuration does not include the symbol library 'power'
    ; warning
    @(87.63 mm, 168.91 mm): Symbol #PWR017 [GND]
[footprint_link_issues]: The current configuration does not include the footprint library 'Connector_Audio'
    ; warning
    @(97.79 mm, 165.10 mm): Symbol J9 [AudioJack2_SwitchT]
[lib_symbol_issues]: The current configuration does not include the symbol library 'Connector_Audio'
    ; warning
    @(97.79 mm, 165.10 mm): Symbol J9 [AudioJack2_SwitchT]
[footprint_link_issues]: The current configuration does not include the footprint library 'LED_THT'
    ; warning
    @(196.85 mm, 26.67 mm): Symbol D1 [LED]
[lib_symbol_issues]: The current configuration does not include the symbol library 'Device'
    ; warning
    @(196.85 mm, 26.67 mm): Symbol D1 [LED]
[footprint_link_issues]: The current configuration does not include the footprint library 'LED_THT'
    ; warning
    @(195.58 mm, 36.83 mm): Symbol D2 [LED]
[lib_symbol_issues]: The current configuration does not include the symbol library 'Device'
    ; warning
    @(195.58 mm, 36.83 mm): Symbol D2 [LED]
[lib_symbol_issues]: The current configuration does not include the symbol library 'power'
    ; warning
    @(87.63 mm, 182.88 mm): Symbol #PWR018 [GND]
[footprint_link_issues]: The current configuration does not include the footprint library 'Connector_Audio'
    ; warning
    @(97.79 mm, 177.80 mm): Symbol J10 [AudioJack2_SwitchT]
[lib_symbol_issues]: The current configuration does not include the symbol library 'Connector_Audio'
    ; warning
    @(97.79 mm, 177.80 mm): Symbol J10 [AudioJack2_SwitchT]
[footprint_link_issues]: The current configuration does not include the footprint library 'Package_SO'
    ; warning
    @(175.26 mm, 106.68 mm): Symbol U3 [TL074]
[lib_symbol_issues]: The current configuration does not include the symbol library 'Amplifier_Operational'
    ; warning
    @(175.26 mm, 106.68 mm): Symbol U3 [TL074]
[footprint_link_issues]: The current configuration does not include the footprint library 'LED_THT'
    ; warning
    @(196.85 mm, 64.77 mm): Symbol D3 [LED]
[lib_symbol_issues]: The current configuration does not include the symbol library 'Device'
    ; warning
    @(196.85 mm, 64.77 mm): Symbol D3 [LED]
[lib_symbol_issues]: The current configuration does not include the symbol library 'power'
    ; warning
    @(137.16 mm, 156.21 mm): Symbol #PWR019 [GND]
[footprint_link_issues]: The current configuration does not include the footprint library 'LED_THT'
    ; warning
    @(196.85 mm, 74.93 mm): Symbol D4 [LED]
[lib_symbol_issues]: The current configuration does not include the symbol library 'Device'
    ; warning
    @(196.85 mm, 74.93 mm): Symbol D4 [LED]
[footprint_link_issues]: The current configuration does not include the footprint library 'Connector_Audio'
    ; warning
    @(147.32 mm, 152.40 mm): Symbol J11 [AudioJack2_SwitchT]
[lib_symbol_issues]: The current configuration does not include the symbol library 'Connector_Audio'
    ; warning
    @(147.32 mm, 152.40 mm): Symbol J11 [AudioJack2_SwitchT]
[footprint_link_issues]: The current configuration does not include the footprint library 'Resistor_SMD'
    ; warning
    @(212.09 mm, 33.02 mm): Symbol R4 [R]
[lib_symbol_issues]: The current configuration does not include the symbol library 'Device'
    ; warning
    @(212.09 mm, 33.02 mm): Symbol R4 [R]
[lib_symbol_issues]: The current configuration does not include the symbol library 'power'
    ; warning
    @(212.09 mm, 40.64 mm): Symbol #PWR022 [GND]
[lib_symbol_issues]: The current configuration does not include the symbol library 'power'
    ; warning
    @(137.16 mm, 168.91 mm): Symbol #PWR020 [GND]
[footprint_link_issues]: The current configuration does not include the footprint library 'LED_THT'
    ; warning
    @(195.58 mm, 100.33 mm): Symbol D5 [LED]
[lib_symbol_issues]: The current configuration does not include the symbol library 'Device'
    ; warning
    @(195.58 mm, 100.33 mm): Symbol D5 [LED]
[footprint_link_issues]: The current configuration does not include the footprint library 'Connector_Audio'
    ; warning
    @(147.32 mm, 165.10 mm): Symbol J12 [AudioJack2_SwitchT]
[lib_symbol_issues]: The current configuration does not include the symbol library 'Connector_Audio'
    ; warning
    @(147.32 mm, 165.10 mm): Symbol J12 [AudioJack2_SwitchT]
[footprint_link_issues]: The current configuration does not include the footprint library 'Resistor_SMD'
    ; warning
    @(212.09 mm, 71.12 mm): Symbol R5 [R]
[lib_symbol_issues]: The current configuration does not include the symbol library 'Device'
    ; warning
    @(212.09 mm, 71.12 mm): Symbol R5 [R]
[footprint_link_issues]: The current configuration does not include the footprint library 'LED_THT'
    ; warning
    @(195.58 mm, 110.49 mm): Symbol D6 [LED]
[lib_symbol_issues]: The current configuration does not include the symbol library 'Device'
    ; warning
    @(195.58 mm, 110.49 mm): Symbol D6 [LED]
[lib_symbol_issues]: The current configuration does not include the symbol library 'power'
    ; warning
    @(212.09 mm, 78.74 mm): Symbol #PWR023 [GND]
[lib_symbol_issues]: The current configuration does not include the symbol library 'power'
    ; warning
    @(137.16 mm, 182.88 mm): Symbol #PWR021 [GND]
[footprint_link_issues]: The current configuration does not include the footprint library 'Connector_Audio'
    ; warning
    @(147.32 mm, 177.80 mm): Symbol J13 [AudioJack2_SwitchT]
[lib_symbol_issues]: The current configuration does not include the symbol library 'Connector_Audio'
    ; warning
    @(147.32 mm, 177.80 mm): Symbol J13 [AudioJack2_SwitchT]
[footprint_link_issues]: The current configuration does not include the footprint library 'Resistor_SMD'
    ; warning
    @(210.82 mm, 107.95 mm): Symbol R6 [R]
[lib_symbol_issues]: The current configuration does not include the symbol library 'Device'
    ; warning
    @(210.82 mm, 107.95 mm): Symbol R6 [R]
[lib_symbol_issues]: The current configuration does not include the symbol library 'power'
    ; warning
    @(210.82 mm, 115.57 mm): Symbol #PWR024 [GND]
[lib_symbol_issues]: The current configuration does not include the symbol library 'power'
    ; warning
    @(234.95 mm, 52.07 mm): Symbol #PWR02 [GND]
[footprint_link_issues]: The current configuration does not include the footprint library 'Diode_SMD'
    ; warning
    @(246.38 mm, 62.23 mm): Symbol D8 [D_Schottky]
[lib_symbol_issues]: The current configuration does not include the symbol library 'Device'
    ; warning
    @(246.38 mm, 62.23 mm): Symbol D8 [D_Schottky]
[lib_symbol_issues]: The current configuration does not include the symbol library 'power'
    ; warning
    @(212.09 mm, 146.05 mm): Symbol #PWR012 [GND]
[lib_symbol_issues]: The current configuration does not include the symbol library 'power'
    ; warning
    @(256.54 mm, 24.13 mm): Symbol #PWR03 [+12V]
[lib_symbol_issues]: The current configuration does not include the symbol library 'power'
    ; warning
    @(256.54 mm, 25.40 mm): Symbol #FLG03 [PWR_FLAG]
[footprint_link_issues]: The current configuration does not include the footprint library 'Diode_SMD'
    ; warning
    @(256.54 mm, 30.48 mm): Symbol D7 [D_Schottky]
[lib_symbol_issues]: The current configuration does not include the symbol library 'Device'
    ; warning
    @(256.54 mm, 30.48 mm): Symbol D7 [D_Schottky]
[footprint_link_issues]: The current configuration does not include the footprint library 'Capacitor_SMD'
    ; warning
    @(223.52 mm, 132.08 mm): Symbol C7 [C_Polarized]
[lib_symbol_issues]: The current configuration does not include the symbol library 'Device'
    ; warning
    @(223.52 mm, 132.08 mm): Symbol C7 [C_Polarized]
[footprint_link_issues]: The current configuration does not include the footprint library 'Connector_IDC'
    ; warning
    @(256.54 mm, 49.53 mm): Symbol J1 [Conn_02x05_Odd_Even]
[lib_symbol_issues]: The current configuration does not include the symbol library 'Connector_Generic'
    ; warning
    @(256.54 mm, 49.53 mm): Symbol J1 [Conn_02x05_Odd_Even]
[lib_symbol_issues]: The current configuration does not include the symbol library 'power'
    ; warning
    @(241.30 mm, 109.22 mm): Symbol #PWR06 [-12V]
[footprint_link_issues]: The current configuration does not include the footprint library 'Package_SO'
    ; warning
    @(247.65 mm, 93.98 mm): Symbol U1 [TL074]
[lib_symbol_issues]: The current configuration does not include the symbol library 'Amplifier_Operational'
    ; warning
    @(247.65 mm, 93.98 mm): Symbol U1 [TL074]
[footprint_link_issues]: The current configuration does not include the footprint library 'Capacitor_SMD'
    ; warning
    @(223.52 mm, 146.05 mm): Symbol C8 [C_Polarized]
[lib_symbol_issues]: The current configuration does not include the symbol library 'Device'
    ; warning
    @(223.52 mm, 146.05 mm): Symbol C8 [C_Polarized]
[lib_symbol_issues]: The current configuration does not include the symbol library 'power'
    ; warning
    @(255.27 mm, 80.01 mm): Symbol #PWR05 [+12V]
[footprint_link_issues]: The current configuration does not include the footprint library 'Package_SO'
    ; warning
    @(257.81 mm, 93.98 mm): Symbol U2 [TL074]
[lib_symbol_issues]: The current configuration does not include the symbol library 'Amplifier_Operational'
    ; warning
    @(257.81 mm, 93.98 mm): Symbol U2 [TL074]
[lib_symbol_issues]: The current configuration does not include the symbol library 'power'
    ; warning
    @(266.70 mm, 66.04 mm): Symbol #PWR04 [-12V]
[lib_symbol_issues]: The current configuration does not include the symbol library 'power'
    ; warning
    @(266.70 mm, 67.31 mm): Symbol #FLG02 [PWR_FLAG]
[footprint_link_issues]: The current configuration does not include the footprint library 'Capacitor_SMD'
    ; warning
    @(242.57 mm, 132.08 mm): Symbol C1 [C]
[lib_symbol_issues]: The current configuration does not include the symbol library 'Device'
    ; warning
    @(242.57 mm, 132.08 mm): Symbol C1 [C]
[lib_symbol_issues]: The current configuration does not include the symbol library 'power'
    ; warning
    @(273.05 mm, 48.26 mm): Symbol #FLG01 [PWR_FLAG]
[lib_symbol_issues]: The current configuration does not include the symbol library 'power'
    ; warning
    @(248.92 mm, 123.19 mm): Symbol #PWR010 [+12V]
[lib_symbol_issues]: The current configuration does not include the symbol library 'power'
    ; warning
    @(273.05 mm, 52.07 mm): Symbol #PWR01 [GND]
[footprint_link_issues]: The current configuration does not include the footprint library 'Capacitor_SMD'
    ; warning
    @(242.57 mm, 146.05 mm): Symbol C2 [C]
[lib_symbol_issues]: The current configuration does not include the symbol library 'Device'
    ; warning
    @(242.57 mm, 146.05 mm): Symbol C2 [C]
[footprint_link_issues]: The current configuration does not include the footprint library 'Package_SO'
    ; warning
    @(267.97 mm, 93.98 mm): Symbol U3 [TL074]
[lib_symbol_issues]: The current configuration does not include the symbol library 'Amplifier_Operational'
    ; warning
    @(267.97 mm, 93.98 mm): Symbol U3 [TL074]
[footprint_link_issues]: The current configuration does not include the footprint library 'Capacitor_SMD'
    ; warning
    @(255.27 mm, 132.08 mm): Symbol C3 [C]
[lib_symbol_issues]: The current configuration does not include the symbol library 'Device'
    ; warning
    @(255.27 mm, 132.08 mm): Symbol C3 [C]
[footprint_link_issues]: The current configuration does not include the footprint library 'Capacitor_SMD'
    ; warning
    @(255.27 mm, 146.05 mm): Symbol C4 [C]
[lib_symbol_issues]: The current configuration does not include the symbol library 'Device'
    ; warning
    @(255.27 mm, 146.05 mm): Symbol C4 [C]
[lib_symbol_issues]: The current configuration does not include the symbol library 'power'
    ; warning
    @(251.46 mm, 160.02 mm): Symbol #PWR011 [-12V]
[footprint_link_issues]: The current configuration does not include the footprint library 'Capacitor_SMD'
    ; warning
    @(267.97 mm, 132.08 mm): Symbol C5 [C]
[lib_symbol_issues]: The current configuration does not include the symbol library 'Device'
    ; warning
    @(267.97 mm, 132.08 mm): Symbol C5 [C]
[footprint_link_issues]: The current configuration does not include the footprint library 'Capacitor_SMD'
    ; warning
    @(267.97 mm, 146.05 mm): Symbol C6 [C]
[lib_symbol_issues]: The current configuration does not include the symbol library 'Device'
    ; warning
    @(267.97 mm, 146.05 mm): Symbol C6 [C]

 ** ERC messages: 158  Errors 0  Warnings 158

 ** Ignored checks:
    - Global label only appears once in the schematic
    - Four connection points are joined together
    - SPICE model issue
    - Assigned footprint doesn't match footprint filters
